// Jest Snapshot v1, https://goo.gl/fbAQLP

exports[`should render 1`] = `
<RNCSafeAreaProvider
  onInsetsChange={[Function]}
  style={
    Array [
      Object {
        "flex": 1,
      },
      undefined,
    ]
  }
>
  <View
    accessibilityRole="button"
    accessible={true}
    collapsable={false}
    colorScheme="primary"
    dataSet={Object {}}
    focusable={true}
    onBlur={[Function]}
    onClick={[Function]}
    onFocus={[Function]}
    onHoverIn={[Function]}
    onHoverOut={[Function]}
    onResponderGrant={[Function]}
    onResponderMove={[Function]}
    onResponderRelease={[Function]}
    onResponderTerminate={[Function]}
    onResponderTerminationRequest={[Function]}
    onStartShouldSetResponder={[Function]}
    style={
      Object {
        "alignItems": "center",
        "backgroundColor": "#FFFFFF",
        "borderBottomWidth": 1,
        "borderColor": "#e5e7eb",
        "borderRadius": 4,
        "flexDirection": "row",
        "justifyContent": "flex-start",
        "paddingBottom": 12,
        "paddingLeft": 16,
        "paddingRight": 16,
        "paddingTop": 12,
      }
    }
  >
    <View
      dataSet={Object {}}
      style={
        Object {
          "alignItems": "center",
          "flexDirection": "row",
        }
      }
      test={true}
    >
      <View
        dataSet={Object {}}
        style={Object {}}
      >
        <View
          dataSet={Object {}}
          style={
            Object {
              "flexDirection": "row",
              "justifyContent": "space-between",
            }
          }
        >
          <View
            dataSet={Object {}}
            style={Object {}}
          >
            <Text
              dataSet={Object {}}
              style={
                Object {
                  "backgroundColor": undefined,
                  "color": "#1f2937",
                  "fontFamily": undefined,
                  "fontSize": 14,
                  "fontStyle": "normal",
                  "fontWeight": "700",
                  "letterSpacing": 0,
                  "lineHeight": 21,
                  "textDecorationLine": undefined,
                }
              }
            >
              Parkers Lake Park
            </Text>
            <View
              dataSet={Object {}}
              style={Object {}}
            />
            <Text
              dataSet={Object {}}
              style={
                Object {
                  "backgroundColor": undefined,
                  "color": "#4b5563",
                  "fontFamily": undefined,
                  "fontSize": 14,
                  "fontStyle": "normal",
                  "fontWeight": "400",
                  "letterSpacing": 0,
                  "lineHeight": 21,
                  "textDecorationLine": undefined,
                }
              }
            >
              15205 County Rd 6 & Niagara Lane, Plymouth, MN 55447
            </Text>
          </View>
          <View
            dataSet={Object {}}
            style={
              Object {
                "width": 12,
              }
            }
          />
          <View
            dataSet={Object {}}
            style={
              Object {
                "flexGrow": 1,
              }
            }
          />
        </View>
      </View>
    </View>
  </View>
</RNCSafeAreaProvider>
`;
